2026-09-11 14:16:59 | INFO    | 
2026-09-11 14:16:59 | INFO    | ######################################################################################
2026-09-11 14:16:59 | INFO    | # 大连市皮肤病医院绩效测算 - Oracle -> SQL Server 数据同步
2026-09-11 14:16:59 | INFO    | # 启动时间: 2026-09-11 14:16:59
2026-09-11 14:16:59 | INFO    | # Python  : 3.14.5
2026-09-11 14:16:59 | INFO    | ######################################################################################
2026-09-11 14:16:59 | INFO    | [运行配置] 源端 Oracle  : 192.168.130.32:1521/xepdb1 (schema=DL_PFM)
2026-09-11 14:16:59 | INFO    | [运行配置] 目标 SQLServer: 127.0.0.1,1433/hospital_performance_dalian_derma (schema=dbo)
2026-09-11 14:16:59 | INFO    | [运行配置] ODBC 驱动    : ODBC Driver 17 for SQL Server
2026-09-11 14:16:59 | INFO    | [运行配置] 批尺寸       : 10000
2026-09-11 14:16:59 | INFO    | [运行配置] 幂等清空     : 启用
2026-09-11 14:16:59 | INFO    | [运行配置] 快速批量     : 启用
2026-09-11 14:16:59 | INFO    | [运行配置] 日志文件     : D:\工作\20251116_大连市皮肤病医院绩效\大连市皮肤病医院绩效测算SQL\python\sync_oracle_to_sqlserver.log
2026-09-11 14:16:59 | INFO    | [连接源端] Oracle 192.168.130.32:1521/xepdb1 (user=system, schema=DL_PFM)
2026-09-11 14:16:59 | INFO    | [连接源端] Oracle 连接成功
2026-09-11 14:16:59 | INFO    | [连接目标] SQL Server 127.0.0.1,1433/hospital_performance_dalian_derma (user=sa)
2026-09-11 14:17:00 | INFO    | [连接目标] SQL Server 连接成功 (CommandTimeout=0)
2026-09-11 14:17:00 | INFO    | --------------------------------------------------------------------------------------
2026-09-11 14:17:00 | INFO    | [契约校验] 核对目标表结构与列定义
2026-09-11 14:17:00 | INFO    |   [OK] PF临时医疗服务项目26A 列数=21 契约一致
2026-09-11 14:17:00 | INFO    | [契约校验] 全部通过
2026-09-11 14:17:00 | INFO    | [同步计划] 本次待同步 1 张表
2026-09-11 14:17:00 | INFO    |   1) PF临时医疗服务项目26A -> PF临时医疗服务项目26A
2026-09-11 14:17:00 | INFO    | --------------------------------------------------------------------------------------
2026-09-11 14:17:00 | INFO    | ======================================================================================
2026-09-11 14:17:00 | INFO    | [开始同步] PF临时医疗服务项目26A
2026-09-11 14:17:00 | INFO    |   源表   : DL_PFM.PF临时医疗服务项目26A
2026-09-11 14:17:00 | INFO    |   目标表 : dbo.PF临时医疗服务项目26A
2026-09-11 14:17:00 | INFO    |   列数   : 21 | 批尺寸: 10000 | fast_executemany: True
2026-09-11 14:17:00 | INFO    |   开始时间: 2026-09-11 14:17:00
2026-09-11 14:17:00 | INFO    |   [幂等清空] TRUNCATE TABLE 已完成
2026-09-11 14:17:10 | INFO    |   [进度] 已写入 200,000 行 | 耗时 10.8s | 18599 行/秒
2026-09-11 14:17:25 | INFO    |   [进度] 已写入 400,000 行 | 耗时 25.8s | 15481 行/秒
2026-09-11 14:17:42 | INFO    |   [进度] 已写入 600,000 行 | 耗时 42.5s | 14103 行/秒
2026-09-11 14:17:53 | INFO    |   [进度] 已写入 800,000 行 | 耗时 53.3s | 15008 行/秒
2026-09-11 14:18:04 | INFO    |   [进度] 已写入 1,000,000 行 | 耗时 64.0s | 15637 行/秒
2026-09-11 14:18:16 | INFO    |   [进度] 已写入 1,200,000 行 | 耗时 76.6s | 15662 行/秒
2026-09-11 14:18:33 | INFO    |   [进度] 已写入 1,400,000 行 | 耗时 93.0s | 15053 行/秒
2026-09-11 14:18:45 | INFO    |   [进度] 已写入 1,600,000 行 | 耗时 105.6s | 15155 行/秒
2026-09-11 14:18:56 | INFO    |   [进度] 已写入 1,800,000 行 | 耗时 116.1s | 15504 行/秒
2026-09-11 14:19:07 | INFO    |   [进度] 已写入 2,000,000 行 | 耗时 127.0s | 15743 行/秒
2026-09-11 14:19:22 | INFO    |   [进度] 已写入 2,200,000 行 | 耗时 142.5s | 15442 行/秒
2026-09-11 14:19:38 | INFO    |   [进度] 已写入 2,400,000 行 | 耗时 158.7s | 15122 行/秒
2026-09-11 14:19:53 | INFO    |   [进度] 已写入 2,600,000 行 | 耗时 173.4s | 14992 行/秒
2026-09-11 14:20:08 | INFO    |   [进度] 已写入 2,800,000 行 | 耗时 188.0s | 14891 行/秒
2026-09-11 14:20:25 | INFO    |   [进度] 已写入 3,000,000 行 | 耗时 205.0s | 14631 行/秒
2026-09-11 14:20:41 | INFO    |   [进度] 已写入 3,200,000 行 | 耗时 221.3s | 14463 行/秒
2026-09-11 14:20:57 | INFO    |   [进度] 已写入 3,400,000 行 | 耗时 237.7s | 14303 行/秒
2026-09-11 14:21:16 | INFO    |   [进度] 已写入 3,600,000 行 | 耗时 256.1s | 14057 行/秒
2026-09-11 14:21:32 | INFO    |   [进度] 已写入 3,800,000 行 | 耗时 272.7s | 13937 行/秒
2026-09-11 14:21:49 | INFO    |   [进度] 已写入 4,000,000 行 | 耗时 289.3s | 13825 行/秒
2026-09-11 14:22:06 | INFO    |   [进度] 已写入 4,200,000 行 | 耗时 306.1s | 13722 行/秒
2026-09-11 14:22:22 | INFO    |   [进度] 已写入 4,400,000 行 | 耗时 322.6s | 13640 行/秒
2026-09-11 14:22:34 | INFO    |   [进度] 已写入 4,600,000 行 | 耗时 334.0s | 13771 行/秒
2026-09-11 14:22:46 | INFO    |   [进度] 已写入 4,800,000 行 | 耗时 346.7s | 13843 行/秒
2026-09-11 14:23:03 | INFO    |   [进度] 已写入 5,000,000 行 | 耗时 363.8s | 13742 行/秒
2026-09-11 14:23:20 | INFO    |   [进度] 已写入 5,200,000 行 | 耗时 380.4s | 13670 行/秒
2026-09-11 14:23:33 | INFO    |   [进度] 已写入 5,400,000 行 | 耗时 393.8s | 13713 行/秒
2026-09-11 14:23:49 | INFO    |   [进度] 已写入 5,600,000 行 | 耗时 409.9s | 13663 行/秒
2026-09-11 14:24:06 | INFO    |   [进度] 已写入 5,800,000 行 | 耗时 426.6s | 13596 行/秒
2026-09-11 14:24:23 | INFO    |   [进度] 已写入 6,000,000 行 | 耗时 443.1s | 13542 行/秒
2026-09-11 14:24:39 | INFO    |   [进度] 已写入 6,200,000 行 | 耗时 459.7s | 13488 行/秒
2026-09-11 14:24:56 | INFO    |   [进度] 已写入 6,400,000 行 | 耗时 476.2s | 13439 行/秒
2026-09-11 14:25:13 | INFO    |   [进度] 已写入 6,600,000 行 | 耗时 493.3s | 13380 行/秒
2026-09-11 14:25:29 | INFO    |   [进度] 已写入 6,800,000 行 | 耗时 509.6s | 13343 行/秒
2026-09-11 14:25:46 | INFO    |   [进度] 已写入 7,000,000 行 | 耗时 526.0s | 13308 行/秒
2026-09-11 14:26:02 | INFO    |   [进度] 已写入 7,200,000 行 | 耗时 542.7s | 13267 行/秒
2026-09-11 14:26:15 | INFO    |   [进度] 已写入 7,400,000 行 | 耗时 555.1s | 13332 行/秒
2026-09-11 14:26:31 | INFO    |   [进度] 已写入 7,600,000 行 | 耗时 571.8s | 13291 行/秒
2026-09-11 14:26:48 | INFO    |   [进度] 已写入 7,800,000 行 | 耗时 588.8s | 13247 行/秒
2026-09-11 14:27:05 | INFO    |   [进度] 已写入 8,000,000 行 | 耗时 605.6s | 13211 行/秒
2026-09-11 14:27:21 | INFO    |   [进度] 已写入 8,200,000 行 | 耗时 621.8s | 13187 行/秒
2026-09-11 14:27:38 | INFO    |   [进度] 已写入 8,400,000 行 | 耗时 638.1s | 13164 行/秒
2026-09-11 14:27:53 | INFO    |   [进度] 已写入 8,600,000 行 | 耗时 653.5s | 13159 行/秒
2026-09-11 14:28:08 | INFO    |   [进度] 已写入 8,800,000 行 | 耗时 668.9s | 13157 行/秒
2026-09-11 14:28:24 | INFO    |   [进度] 已写入 9,000,000 行 | 耗时 684.0s | 13158 行/秒
2026-09-11 14:28:39 | INFO    |   [进度] 已写入 9,200,000 行 | 耗时 699.7s | 13148 行/秒
2026-09-11 14:28:55 | INFO    |   [进度] 已写入 9,400,000 行 | 耗时 715.3s | 13141 行/秒
2026-09-11 14:29:10 | INFO    |   [进度] 已写入 9,600,000 行 | 耗时 730.5s | 13142 行/秒
2026-09-11 14:29:26 | INFO    |   [进度] 已写入 9,800,000 行 | 耗时 746.6s | 13126 行/秒
2026-09-11 14:29:43 | INFO    |   [进度] 已写入 10,000,000 行 | 耗时 763.1s | 13105 行/秒
2026-09-11 14:29:59 | INFO    |   [进度] 已写入 10,200,000 行 | 耗时 779.7s | 13083 行/秒
2026-09-11 14:30:16 | INFO    |   [进度] 已写入 10,400,000 行 | 耗时 796.1s | 13064 行/秒
2026-09-11 14:30:32 | INFO    |   [进度] 已写入 10,600,000 行 | 耗时 812.6s | 13044 行/秒
2026-09-11 14:30:49 | INFO    |   [进度] 已写入 10,800,000 行 | 耗时 829.1s | 13027 行/秒
2026-09-11 14:31:05 | INFO    |   [进度] 已写入 11,000,000 行 | 耗时 845.6s | 13009 行/秒
2026-09-11 14:31:21 | INFO    |   [进度] 已写入 11,200,000 行 | 耗时 861.9s | 12995 行/秒
2026-09-11 14:31:37 | INFO    |   [进度] 已写入 11,400,000 行 | 耗时 877.6s | 12990 行/秒
2026-09-11 14:31:52 | INFO    |   [进度] 已写入 11,600,000 行 | 耗时 892.7s | 12995 行/秒
2026-09-11 14:32:07 | INFO    |   [进度] 已写入 11,800,000 行 | 耗时 907.9s | 12997 行/秒
2026-09-11 14:32:23 | INFO    |   [进度] 已写入 12,000,000 行 | 耗时 923.2s | 12998 行/秒
2026-09-11 14:32:39 | INFO    |   [进度] 已写入 12,200,000 行 | 耗时 939.1s | 12992 行/秒
2026-09-11 14:32:39 | INFO    |   [进度] 已写入 12,206,289 行 | 耗时 939.6s | 12991 行/秒
2026-09-11 14:32:39 | INFO    |   结束时间: 2026-09-11 14:32:39
2026-09-11 14:32:39 | INFO    |   [完成] PF临时医疗服务项目26A | 抽取 12,206,289 行 | 写入 12,206,289 行 | 耗时 939.6s | 12991 行/秒 | 清洗告警 0
2026-09-11 14:32:39 | INFO    | --------------------------------------------------------------------------------------
2026-09-11 14:32:39 | INFO    | [资源回收] 关闭数据库连接
2026-09-11 14:32:39 | INFO    | [资源回收] SQL Server 连接已关闭
2026-09-11 14:32:39 | INFO    | [资源回收] Oracle 连接已关闭
2026-09-11 14:32:39 | INFO    | ======================================================================================
2026-09-11 14:32:39 | INFO    | [同步汇总]
2026-09-11 14:32:39 | INFO    | 目标表                          状态                 抽取行数         写入行数      耗时(秒)      速率(行/秒)
2026-09-11 14:32:39 | INFO    | --------------------------------------------------------------------------------------
2026-09-11 14:32:39 | INFO    | PF临时医疗服务项目26A                SUCCESS      12,206,289   12,206,289      939.6        12991
2026-09-11 14:32:39 | INFO    | --------------------------------------------------------------------------------------
2026-09-11 14:32:39 | INFO    | 合计                           SUCCESS      12,206,289   12,206,289      939.6        12991
2026-09-11 14:32:39 | INFO    | ======================================================================================
2026-09-11 14:32:39 | INFO    | [同步汇总] 全部表同步成功
2026-09-11 14:32:39 | INFO    | [总耗时] 939.8 秒 (15.7 分钟)
2026-09-11 14:32:39 | INFO    | [完成时间] 2026-09-11 14:32:39
