2026-09-18 14:24:04 | INFO    | 
2026-09-18 14:24:04 | INFO    | ######################################################################################
2026-09-18 14:24:04 | INFO    | # 大连市皮肤病医院绩效测算 - PF临时医疗服务项目26A 单表独占同步
2026-09-18 14:24:04 | INFO    | # 启动时间: 2026-09-18 14:24:04
2026-09-18 14:24:04 | INFO    | # Python  : 3.14.5
2026-09-18 14:24:04 | INFO    | ######################################################################################
2026-09-18 14:24:04 | INFO    | [运行配置] 源端 Oracle  : 192.168.130.32:1521/xepdb1 (schema=DL_PFM)
2026-09-18 14:24:04 | INFO    | [运行配置] 目标 SQLServer: 127.0.0.1,1433/hospital_performance_dalian_derma (schema=dbo)
2026-09-18 14:24:04 | INFO    | [运行配置] ODBC 驱动    : ODBC Driver 17 for SQL Server
2026-09-18 14:24:04 | INFO    | [运行配置] 批尺寸       : 10000
2026-09-18 14:24:04 | INFO    | [运行配置] 幂等清空     : 启用
2026-09-18 14:24:04 | INFO    | [运行配置] 快速批量     : 启用
2026-09-18 14:24:04 | INFO    | [运行配置] 日志文件     : D:\工作\20251116_大连市皮肤病医院绩效\大连市皮肤病医院绩效测算SQL\python\sync_pf_medical_services_26a.log
2026-09-18 14:24:04 | INFO    | [连接源端] Oracle 192.168.130.32:1521/xepdb1 (user=system, schema=DL_PFM)
2026-09-18 14:24:05 | INFO    | [连接源端] Oracle 连接成功
2026-09-18 14:24:05 | INFO    | [连接目标] SQL Server 127.0.0.1,1433/hospital_performance_dalian_derma (user=sa)
2026-09-18 14:24:05 | INFO    | [连接目标] SQL Server 连接成功 (CommandTimeout=0)
2026-09-18 14:24:05 | INFO    | --------------------------------------------------------------------------------------
2026-09-18 14:24:05 | INFO    | [契约校验] 核对目标表结构与列定义
2026-09-18 14:24:05 | INFO    |   [OK] PF临时医疗服务项目26A 列数=25 契约一致
2026-09-18 14:24:05 | INFO    | [契约校验] 通过
2026-09-18 14:24:05 | INFO    | [同步计划] 本次待同步 1 张表 (单表独占脚本)
2026-09-18 14:24:05 | INFO    |   1) PF临时医疗服务项目26A -> PF临时医疗服务项目26A
2026-09-18 14:24:05 | INFO    | --------------------------------------------------------------------------------------
2026-09-18 14:24:05 | INFO    | ======================================================================================
2026-09-18 14:24:05 | INFO    | [开始同步] PF临时医疗服务项目26A
2026-09-18 14:24:05 | INFO    |   源表   : DL_PFM.PF临时医疗服务项目26A
2026-09-18 14:24:05 | INFO    |   目标表 : dbo.PF临时医疗服务项目26A
2026-09-18 14:24:05 | INFO    |   列数   : 25 | 批尺寸: 10000 | fast_executemany: True
2026-09-18 14:24:05 | INFO    |   开始时间: 2026-09-18 14:24:05
2026-09-18 14:24:05 | INFO    |   [幂等清空] TRUNCATE TABLE 已完成
2026-09-18 14:25:20 | INFO    |   [进度] 已写入 200,000 行 | 耗时 75.3s | 2656 行/秒
2026-09-18 14:25:41 | INFO    |   [进度] 已写入 400,000 行 | 耗时 95.7s | 4178 行/秒
2026-09-18 14:25:54 | INFO    |   [进度] 已写入 600,000 行 | 耗时 108.9s | 5511 行/秒
2026-09-18 14:26:20 | INFO    |   [进度] 已写入 800,000 行 | 耗时 135.4s | 5910 行/秒
2026-09-18 14:26:41 | INFO    |   [进度] 已写入 1,000,000 行 | 耗时 155.4s | 6434 行/秒
2026-09-18 14:26:58 | INFO    |   [进度] 已写入 1,200,000 行 | 耗时 172.5s | 6955 行/秒
2026-09-18 14:27:10 | INFO    |   [进度] 已写入 1,400,000 行 | 耗时 185.0s | 7568 行/秒
2026-09-18 14:27:22 | INFO    |   [进度] 已写入 1,600,000 行 | 耗时 197.0s | 8123 行/秒
2026-09-18 14:27:34 | INFO    |   [进度] 已写入 1,800,000 行 | 耗时 209.2s | 8604 行/秒
2026-09-18 14:27:51 | INFO    |   [进度] 已写入 2,000,000 行 | 耗时 226.1s | 8845 行/秒
2026-09-18 14:28:09 | INFO    |   [进度] 已写入 2,200,000 行 | 耗时 243.9s | 9021 行/秒
2026-09-18 14:28:21 | INFO    |   [进度] 已写入 2,400,000 行 | 耗时 256.1s | 9370 行/秒
2026-09-18 14:28:33 | INFO    |   [进度] 已写入 2,600,000 行 | 耗时 268.2s | 9695 行/秒
2026-09-18 14:28:45 | INFO    |   [进度] 已写入 2,800,000 行 | 耗时 280.2s | 9994 行/秒
2026-09-18 14:29:00 | INFO    |   [进度] 已写入 3,000,000 行 | 耗时 294.5s | 10185 行/秒
2026-09-18 14:29:20 | INFO    |   [进度] 已写入 3,200,000 行 | 耗时 315.0s | 10158 行/秒
2026-09-18 14:29:32 | INFO    |   [进度] 已写入 3,400,000 行 | 耗时 327.2s | 10391 行/秒
2026-09-18 14:29:44 | INFO    |   [进度] 已写入 3,600,000 行 | 耗时 339.3s | 10609 行/秒
2026-09-18 14:30:00 | INFO    |   [进度] 已写入 3,800,000 行 | 耗时 354.8s | 10712 行/秒
2026-09-18 14:30:20 | INFO    |   [进度] 已写入 4,000,000 行 | 耗时 375.0s | 10668 行/秒
2026-09-18 14:30:32 | INFO    |   [进度] 已写入 4,200,000 行 | 耗时 387.0s | 10853 行/秒
2026-09-18 14:30:44 | INFO    |   [进度] 已写入 4,400,000 行 | 耗时 399.1s | 11024 行/秒
2026-09-18 14:30:56 | INFO    |   [进度] 已写入 4,600,000 行 | 耗时 411.4s | 11182 行/秒
2026-09-18 14:31:09 | INFO    |   [进度] 已写入 4,800,000 行 | 耗时 423.4s | 11336 行/秒
2026-09-18 14:31:22 | INFO    |   [进度] 已写入 5,000,000 行 | 耗时 436.4s | 11457 行/秒
2026-09-18 14:31:37 | INFO    |   [进度] 已写入 5,200,000 行 | 耗时 452.4s | 11495 行/秒
2026-09-18 14:31:49 | INFO    |   [进度] 已写入 5,400,000 行 | 耗时 464.3s | 11630 行/秒
2026-09-18 14:32:08 | INFO    |   [进度] 已写入 5,600,000 行 | 耗时 483.4s | 11585 行/秒
2026-09-18 14:32:21 | INFO    |   [进度] 已写入 5,800,000 行 | 耗时 495.6s | 11704 行/秒
2026-09-18 14:32:33 | INFO    |   [进度] 已写入 6,000,000 行 | 耗时 507.9s | 11813 行/秒
2026-09-18 14:32:45 | INFO    |   [进度] 已写入 6,200,000 行 | 耗时 520.2s | 11918 行/秒
2026-09-18 14:32:58 | INFO    |   [进度] 已写入 6,400,000 行 | 耗时 532.5s | 12019 行/秒
2026-09-18 14:33:14 | INFO    |   [进度] 已写入 6,600,000 行 | 耗时 549.3s | 12015 行/秒
2026-09-18 14:33:34 | INFO    |   [进度] 已写入 6,800,000 行 | 耗时 568.7s | 11957 行/秒
2026-09-18 14:33:55 | INFO    |   [进度] 已写入 7,000,000 行 | 耗时 590.3s | 11858 行/秒
2026-09-18 14:34:08 | INFO    |   [进度] 已写入 7,200,000 行 | 耗时 603.2s | 11937 行/秒
2026-09-18 14:34:20 | INFO    |   [进度] 已写入 7,400,000 行 | 耗时 615.1s | 12031 行/秒
2026-09-18 14:34:32 | INFO    |   [进度] 已写入 7,600,000 行 | 耗时 627.0s | 12121 行/秒
2026-09-18 14:34:46 | INFO    |   [进度] 已写入 7,800,000 行 | 耗时 640.8s | 12173 行/秒
2026-09-18 14:35:05 | INFO    |   [进度] 已写入 8,000,000 行 | 耗时 660.1s | 12119 行/秒
2026-09-18 14:35:26 | INFO    |   [进度] 已写入 8,200,000 行 | 耗时 681.0s | 12041 行/秒
2026-09-18 14:35:47 | INFO    |   [进度] 已写入 8,400,000 行 | 耗时 701.9s | 11968 行/秒
2026-09-18 14:36:08 | INFO    |   [进度] 已写入 8,600,000 行 | 耗时 723.2s | 11891 行/秒
2026-09-18 14:36:30 | INFO    |   [进度] 已写入 8,800,000 行 | 耗时 744.6s | 11818 行/秒
2026-09-18 14:36:51 | INFO    |   [进度] 已写入 9,000,000 行 | 耗时 765.6s | 11755 行/秒
2026-09-18 14:37:06 | INFO    |   [进度] 已写入 9,200,000 行 | 耗时 780.6s | 11785 行/秒
2026-09-18 14:37:27 | INFO    |   [进度] 已写入 9,400,000 行 | 耗时 801.4s | 11729 行/秒
2026-09-18 14:37:44 | INFO    |   [进度] 已写入 9,600,000 行 | 耗时 818.6s | 11728 行/秒
2026-09-18 14:38:05 | INFO    |   [进度] 已写入 9,800,000 行 | 耗时 839.8s | 11669 行/秒
2026-09-18 14:38:26 | INFO    |   [进度] 已写入 10,000,000 行 | 耗时 861.2s | 11612 行/秒
2026-09-18 14:38:45 | INFO    |   [进度] 已写入 10,200,000 行 | 耗时 880.3s | 11587 行/秒
2026-09-18 14:39:04 | INFO    |   [进度] 已写入 10,400,000 行 | 耗时 899.1s | 11567 行/秒
2026-09-18 14:39:25 | INFO    |   [进度] 已写入 10,600,000 行 | 耗时 919.8s | 11524 行/秒
2026-09-18 14:39:45 | INFO    |   [进度] 已写入 10,800,000 行 | 耗时 939.4s | 11496 行/秒
2026-09-18 14:40:04 | INFO    |   [进度] 已写入 11,000,000 行 | 耗时 959.3s | 11467 行/秒
2026-09-18 14:40:22 | INFO    |   [进度] 已写入 11,200,000 行 | 耗时 977.2s | 11461 行/秒
2026-09-18 14:40:36 | INFO    |   [进度] 已写入 11,400,000 行 | 耗时 990.5s | 11509 行/秒
2026-09-18 14:40:57 | INFO    |   [进度] 已写入 11,600,000 行 | 耗时 1011.9s | 11463 行/秒
2026-09-18 14:41:19 | INFO    |   [进度] 已写入 11,800,000 行 | 耗时 1033.7s | 11415 行/秒
2026-09-18 14:41:36 | INFO    |   [进度] 已写入 12,000,000 行 | 耗时 1051.2s | 11415 行/秒
2026-09-18 14:41:48 | INFO    |   [进度] 已写入 12,200,000 行 | 耗时 1062.8s | 11479 行/秒
2026-09-18 14:41:49 | INFO    |   结束时间: 2026-09-18 14:41:49
2026-09-18 14:41:49 | INFO    |   [完成] PF临时医疗服务项目26A | 抽取 12,212,336 行 | 写入 12,212,336 行 | 耗时 1063.5s | 11483 行/秒 | 清洗告警 0
2026-09-18 14:41:49 | INFO    | --------------------------------------------------------------------------------------
2026-09-18 14:41:49 | INFO    | [资源回收] 关闭数据库连接
2026-09-18 14:41:49 | INFO    | [资源回收] SQL Server 连接已关闭
2026-09-18 14:41:49 | INFO    | [资源回收] Oracle 连接已关闭
2026-09-18 14:41:49 | INFO    | ======================================================================================
2026-09-18 14:41:49 | INFO    | [同步汇总]
2026-09-18 14:41:49 | INFO    | 目标表                          状态                 抽取行数         写入行数      耗时(秒)      速率(行/秒)
2026-09-18 14:41:49 | INFO    | --------------------------------------------------------------------------------------
2026-09-18 14:41:49 | INFO    | PF临时医疗服务项目26A                SUCCESS      12,212,336   12,212,336     1063.5        11483
2026-09-18 14:41:49 | INFO    | ======================================================================================
2026-09-18 14:41:49 | INFO    | [同步汇总] 同步成功
2026-09-18 14:41:49 | INFO    | [总耗时] 1064.3 秒 (17.7 分钟)
2026-09-18 14:41:49 | INFO    | [完成时间] 2026-09-18 14:41:49
