2026-09-11 14:15:55 | INFO    | 
2026-09-11 14:15:55 | INFO    | ######################################################################################
2026-09-11 14:15:55 | INFO    | # 大连市皮肤病医院绩效测算 - Oracle -> SQL Server 数据同步
2026-09-11 14:15:55 | INFO    | # 启动时间: 2026-09-11 14:15:55
2026-09-11 14:15:55 | INFO    | # Python  : 3.14.5
2026-09-11 14:15:55 | INFO    | ######################################################################################
2026-09-11 14:15:55 | INFO    | [运行配置] 源端 Oracle  : 192.168.130.32:1521/xepdb1 (schema=DL_PFM)
2026-09-11 14:15:55 | INFO    | [运行配置] 目标 SQLServer: 127.0.0.1,1433/hospital_performance_dalian_derma (schema=dbo)
2026-09-11 14:15:55 | INFO    | [运行配置] ODBC 驱动    : ODBC Driver 17 for SQL Server
2026-09-11 14:15:55 | INFO    | [运行配置] 批尺寸       : 10000
2026-09-11 14:15:55 | INFO    | [运行配置] 幂等清空     : 启用
2026-09-11 14:15:55 | INFO    | [运行配置] 快速批量     : 启用
2026-09-11 14:15:55 | INFO    | [运行配置] 日志文件     : D:\工作\20251116_大连市皮肤病医院绩效\大连市皮肤病医院绩效测算SQL\python\sync_oracle_to_sqlserver.log
2026-09-11 14:15:55 | INFO    | [连接源端] Oracle 192.168.130.32:1521/xepdb1 (user=system, schema=DL_PFM)
2026-09-11 14:15:55 | ERROR   | [致命异常] 同步流程中断: 'Connection' object has no attribute 'defaults'
Traceback (most recent call last):
  File "D:\工作\20251116_大连市皮肤病医院绩效\大连市皮肤病医院绩效测算SQL\python\sync_oracle_to_sqlserver.py", line 1093, in run
    with OracleToSqlServerSyncer(cfg, logger) as active_syncer:
         ~~~~~~~~~~~~~~~~~~~~~~~^^^^^^^^^^^^^
  File "D:\工作\20251116_大连市皮肤病医院绩效\大连市皮肤病医院绩效测算SQL\python\sync_oracle_to_sqlserver.py", line 635, in __enter__
    self._open_oracle()
    ~~~~~~~~~~~~~~~~~^^
  File "D:\工作\20251116_大连市皮肤病医院绩效\大连市皮肤病医院绩效测算SQL\python\sync_oracle_to_sqlserver.py", line 669, in _open_oracle
    self._ora_conn.defaults.arraysize = min(self._cfg.batch_size, 5000) or 5000
    ^^^^^^^^^^^^^^^^^^^^^^^
AttributeError: 'Connection' object has no attribute 'defaults'
2026-09-11 14:16:07 | INFO    | 
2026-09-11 14:16:07 | INFO    | ######################################################################################
2026-09-11 14:16:07 | INFO    | # 大连市皮肤病医院绩效测算 - Oracle -> SQL Server 数据同步
2026-09-11 14:16:07 | INFO    | # 启动时间: 2026-09-11 14:16:07
2026-09-11 14:16:07 | INFO    | # Python  : 3.14.5
2026-09-11 14:16:07 | INFO    | ######################################################################################
2026-09-11 14:16:07 | INFO    | [运行配置] 源端 Oracle  : 192.168.130.32:1521/xepdb1 (schema=DL_PFM)
2026-09-11 14:16:07 | INFO    | [运行配置] 目标 SQLServer: 127.0.0.1,1433/hospital_performance_dalian_derma (schema=dbo)
2026-09-11 14:16:07 | INFO    | [运行配置] ODBC 驱动    : ODBC Driver 17 for SQL Server
2026-09-11 14:16:07 | INFO    | [运行配置] 批尺寸       : 10000
2026-09-11 14:16:07 | INFO    | [运行配置] 幂等清空     : 启用
2026-09-11 14:16:07 | INFO    | [运行配置] 快速批量     : 启用
2026-09-11 14:16:07 | INFO    | [运行配置] 日志文件     : D:\工作\20251116_大连市皮肤病医院绩效\大连市皮肤病医院绩效测算SQL\python\sync_oracle_to_sqlserver.log
2026-09-11 14:16:07 | INFO    | [连接源端] Oracle 192.168.130.32:1521/xepdb1 (user=system, schema=DL_PFM)
2026-09-11 14:16:07 | INFO    | [连接源端] Oracle 连接成功
2026-09-11 14:16:07 | INFO    | [连接目标] SQL Server 127.0.0.1,1433/hospital_performance_dalian_derma (user=sa)
2026-09-11 14:16:07 | INFO    | [连接目标] SQL Server 连接成功 (CommandTimeout=0)
2026-09-11 14:16:07 | INFO    | --------------------------------------------------------------------------------------
2026-09-11 14:16:07 | INFO    | [契约校验] 核对目标表结构与列定义
2026-09-11 14:16:07 | INFO    |   [OK] PF临时出院数据26A 列数=4 契约一致
2026-09-11 14:16:07 | INFO    |   [OK] PF临时收入院数据26A 列数=13 契约一致
2026-09-11 14:16:07 | INFO    | [契约校验] 全部通过
2026-09-11 14:16:07 | INFO    | [同步计划] 本次待同步 2 张表
2026-09-11 14:16:07 | INFO    |   1) PF临时出院数据26A -> PF临时出院数据26A
2026-09-11 14:16:07 | INFO    |   2) PF临时收入院数据26A -> PF临时收入院数据26A
2026-09-11 14:16:07 | INFO    | --------------------------------------------------------------------------------------
2026-09-11 14:16:07 | INFO    | ======================================================================================
2026-09-11 14:16:07 | INFO    | [开始同步] PF临时出院数据26A
2026-09-11 14:16:07 | INFO    |   源表   : DL_PFM.PF临时出院数据26A
2026-09-11 14:16:07 | INFO    |   目标表 : dbo.PF临时出院数据26A
2026-09-11 14:16:07 | INFO    |   列数   : 4 | 批尺寸: 10000 | fast_executemany: True
2026-09-11 14:16:07 | INFO    |   开始时间: 2026-09-11 14:16:07
2026-09-11 14:16:07 | INFO    |   [幂等清空] TRUNCATE TABLE 已完成
2026-09-11 14:16:08 | INFO    |   结束时间: 2026-09-11 14:16:08
2026-09-11 14:16:08 | INFO    |   [完成] PF临时出院数据26A | 抽取 19,213 行 | 写入 19,213 行 | 耗时 0.9s | 21620 行/秒 | 清洗告警 0
2026-09-11 14:16:08 | INFO    | ======================================================================================
2026-09-11 14:16:08 | INFO    | [开始同步] PF临时收入院数据26A
2026-09-11 14:16:08 | INFO    |   源表   : DL_PFM.PF临时收入院数据26A
2026-09-11 14:16:08 | INFO    |   目标表 : dbo.PF临时收入院数据26A
2026-09-11 14:16:08 | INFO    |   列数   : 13 | 批尺寸: 10000 | fast_executemany: True
2026-09-11 14:16:08 | INFO    |   开始时间: 2026-09-11 14:16:08
2026-09-11 14:16:08 | INFO    |   [幂等清空] TRUNCATE TABLE 已完成
2026-09-11 14:16:09 | INFO    |   结束时间: 2026-09-11 14:16:09
2026-09-11 14:16:09 | INFO    |   [完成] PF临时收入院数据26A | 抽取 20,012 行 | 写入 20,012 行 | 耗时 1.1s | 17494 行/秒 | 清洗告警 0
2026-09-11 14:16:09 | INFO    | --------------------------------------------------------------------------------------
2026-09-11 14:16:09 | INFO    | [资源回收] 关闭数据库连接
2026-09-11 14:16:09 | INFO    | [资源回收] SQL Server 连接已关闭
2026-09-11 14:16:09 | INFO    | [资源回收] Oracle 连接已关闭
2026-09-11 14:16:09 | INFO    | ======================================================================================
2026-09-11 14:16:09 | INFO    | [同步汇总]
2026-09-11 14:16:09 | INFO    | 目标表                          状态                 抽取行数         写入行数      耗时(秒)      速率(行/秒)
2026-09-11 14:16:09 | INFO    | --------------------------------------------------------------------------------------
2026-09-11 14:16:09 | INFO    | PF临时出院数据26A                  SUCCESS          19,213       19,213        0.9        21620
2026-09-11 14:16:09 | INFO    | PF临时收入院数据26A                 SUCCESS          20,012       20,012        1.1        17494
2026-09-11 14:16:09 | INFO    | --------------------------------------------------------------------------------------
2026-09-11 14:16:09 | INFO    | 合计                           SUCCESS          39,225       39,225        2.0        19298
2026-09-11 14:16:09 | INFO    | ======================================================================================
2026-09-11 14:16:09 | INFO    | [同步汇总] 全部表同步成功
2026-09-11 14:16:09 | INFO    | [总耗时] 2.3 秒 (0.0 分钟)
2026-09-11 14:16:09 | INFO    | [完成时间] 2026-09-11 14:16:09
2026-09-11 14:16:18 | INFO    | 
2026-09-11 14:16:18 | INFO    | ######################################################################################
2026-09-11 14:16:18 | INFO    | # 大连市皮肤病医院绩效测算 - Oracle -> SQL Server 数据同步
2026-09-11 14:16:18 | INFO    | # 启动时间: 2026-09-11 14:16:18
2026-09-11 14:16:18 | INFO    | # Python  : 3.14.5
2026-09-11 14:16:18 | INFO    | ######################################################################################
2026-09-11 14:16:18 | INFO    | [运行配置] 源端 Oracle  : 192.168.130.32:1521/xepdb1 (schema=DL_PFM)
2026-09-11 14:16:18 | INFO    | [运行配置] 目标 SQLServer: 127.0.0.1,1433/hospital_performance_dalian_derma (schema=dbo)
2026-09-11 14:16:18 | INFO    | [运行配置] ODBC 驱动    : ODBC Driver 17 for SQL Server
2026-09-11 14:16:18 | INFO    | [运行配置] 批尺寸       : 10000
2026-09-11 14:16:18 | INFO    | [运行配置] 幂等清空     : 启用
2026-09-11 14:16:18 | INFO    | [运行配置] 快速批量     : 启用
2026-09-11 14:16:18 | INFO    | [运行配置] 日志文件     : D:\工作\20251116_大连市皮肤病医院绩效\大连市皮肤病医院绩效测算SQL\python\sync_oracle_to_sqlserver.log
2026-09-11 14:16:18 | INFO    | [连接源端] Oracle 192.168.130.32:1521/xepdb1 (user=system, schema=DL_PFM)
2026-09-11 14:16:18 | INFO    | [连接源端] Oracle 连接成功
2026-09-11 14:16:18 | INFO    | [连接目标] SQL Server 127.0.0.1,1433/hospital_performance_dalian_derma (user=sa)
2026-09-11 14:16:18 | INFO    | [连接目标] SQL Server 连接成功 (CommandTimeout=0)
2026-09-11 14:16:18 | INFO    | --------------------------------------------------------------------------------------
2026-09-11 14:16:18 | INFO    | [契约校验] 核对目标表结构与列定义
2026-09-11 14:16:18 | INFO    |   [OK] PF临时出院数据26A 列数=4 契约一致
2026-09-11 14:16:18 | INFO    | [契约校验] 全部通过
2026-09-11 14:16:18 | INFO    | [同步计划] 本次待同步 1 张表
2026-09-11 14:16:18 | INFO    |   1) PF临时出院数据26A -> PF临时出院数据26A
2026-09-11 14:16:18 | INFO    | --------------------------------------------------------------------------------------
2026-09-11 14:16:18 | INFO    | ======================================================================================
2026-09-11 14:16:18 | INFO    | [开始同步] PF临时出院数据26A
2026-09-11 14:16:18 | INFO    |   源表   : DL_PFM.PF临时出院数据26A
2026-09-11 14:16:18 | INFO    |   目标表 : dbo.PF临时出院数据26A
2026-09-11 14:16:18 | INFO    |   列数   : 4 | 批尺寸: 10000 | fast_executemany: True
2026-09-11 14:16:18 | INFO    |   开始时间: 2026-09-11 14:16:18
2026-09-11 14:16:18 | INFO    |   [幂等清空] TRUNCATE TABLE 已完成
2026-09-11 14:16:19 | INFO    |   结束时间: 2026-09-11 14:16:19
2026-09-11 14:16:19 | INFO    |   [完成] PF临时出院数据26A | 抽取 19,213 行 | 写入 19,213 行 | 耗时 0.8s | 24059 行/秒 | 清洗告警 0
2026-09-11 14:16:19 | INFO    | --------------------------------------------------------------------------------------
2026-09-11 14:16:19 | INFO    | [资源回收] 关闭数据库连接
2026-09-11 14:16:19 | INFO    | [资源回收] SQL Server 连接已关闭
2026-09-11 14:16:19 | INFO    | [资源回收] Oracle 连接已关闭
2026-09-11 14:16:19 | INFO    | ======================================================================================
2026-09-11 14:16:19 | INFO    | [同步汇总]
2026-09-11 14:16:19 | INFO    | 目标表                          状态                 抽取行数         写入行数      耗时(秒)      速率(行/秒)
2026-09-11 14:16:19 | INFO    | --------------------------------------------------------------------------------------
2026-09-11 14:16:19 | INFO    | PF临时出院数据26A                  SUCCESS          19,213       19,213        0.8        24059
2026-09-11 14:16:19 | INFO    | --------------------------------------------------------------------------------------
2026-09-11 14:16:19 | INFO    | 合计                           SUCCESS          19,213       19,213        0.8        24059
2026-09-11 14:16:19 | INFO    | ======================================================================================
2026-09-11 14:16:19 | INFO    | [同步汇总] 全部表同步成功
2026-09-11 14:16:19 | INFO    | [总耗时] 0.9 秒 (0.0 分钟)
2026-09-11 14:16:19 | INFO    | [完成时间] 2026-09-11 14:16:19
2026-09-11 14:16:23 | INFO    | 
2026-09-11 14:16:23 | INFO    | ######################################################################################
2026-09-11 14:16:23 | INFO    | # 大连市皮肤病医院绩效测算 - Oracle -> SQL Server 数据同步
2026-09-11 14:16:23 | INFO    | # 启动时间: 2026-09-11 14:16:23
2026-09-11 14:16:23 | INFO    | # Python  : 3.14.5
2026-09-11 14:16:23 | INFO    | ######################################################################################
2026-09-11 14:16:23 | INFO    | [运行配置] 源端 Oracle  : 192.168.130.32:1521/xepdb1 (schema=DL_PFM)
2026-09-11 14:16:23 | INFO    | [运行配置] 目标 SQLServer: 127.0.0.1,1433/hospital_performance_dalian_derma (schema=dbo)
2026-09-11 14:16:23 | INFO    | [运行配置] ODBC 驱动    : ODBC Driver 17 for SQL Server
2026-09-11 14:16:23 | INFO    | [运行配置] 批尺寸       : 10000
2026-09-11 14:16:23 | INFO    | [运行配置] 幂等清空     : 启用
2026-09-11 14:16:23 | INFO    | [运行配置] 快速批量     : 启用
2026-09-11 14:16:23 | INFO    | [运行配置] 日志文件     : D:\工作\20251116_大连市皮肤病医院绩效\大连市皮肤病医院绩效测算SQL\python\sync_oracle_to_sqlserver.log
2026-09-11 14:16:23 | INFO    | [连接源端] Oracle 192.168.130.32:1521/xepdb1 (user=system, schema=DL_PFM)
2026-09-11 14:16:23 | INFO    | [连接源端] Oracle 连接成功
2026-09-11 14:16:23 | INFO    | [连接目标] SQL Server 127.0.0.1,1433/hospital_performance_dalian_derma (user=sa)
2026-09-11 14:16:23 | INFO    | [连接目标] SQL Server 连接成功 (CommandTimeout=0)
2026-09-11 14:16:23 | INFO    | --------------------------------------------------------------------------------------
2026-09-11 14:16:23 | INFO    | [契约校验] 核对目标表结构与列定义
2026-09-11 14:16:23 | INFO    |   [OK] PF临时医疗服务项目26A 列数=21 契约一致
2026-09-11 14:16:23 | INFO    | [契约校验] 全部通过
2026-09-11 14:16:23 | INFO    | [同步计划] 本次待同步 1 张表
2026-09-11 14:16:23 | INFO    |   1) PF临时医疗服务项目26A -> PF临时医疗服务项目26A
2026-09-11 14:16:23 | INFO    | --------------------------------------------------------------------------------------
2026-09-11 14:16:23 | INFO    | ======================================================================================
2026-09-11 14:16:23 | INFO    | [开始同步] PF临时医疗服务项目26A
2026-09-11 14:16:23 | INFO    |   源表   : DL_PFM.PF临时医疗服务项目26A
2026-09-11 14:16:23 | INFO    |   目标表 : dbo.PF临时医疗服务项目26A
2026-09-11 14:16:23 | INFO    |   列数   : 21 | 批尺寸: 10000 | fast_executemany: True
2026-09-11 14:16:23 | INFO    |   开始时间: 2026-09-11 14:16:23
2026-09-11 14:16:23 | INFO    |   [幂等清空] TRUNCATE TABLE 已完成
2026-09-11 14:16:36 | INFO    |   [进度] 已写入 200,000 行 | 耗时 12.9s | 15550 行/秒
2026-09-11 14:16:47 | INFO    |   [进度] 已写入 400,000 行 | 耗时 23.5s | 16999 行/秒
2026-09-11 14:16:59 | INFO    | 
2026-09-11 14:16:59 | INFO    | ######################################################################################
2026-09-11 14:16:59 | INFO    | # 大连市皮肤病医院绩效测算 - Oracle -> SQL Server 数据同步
2026-09-11 14:16:59 | INFO    | # 启动时间: 2026-09-11 14:16:59
2026-09-11 14:16:59 | INFO    | # Python  : 3.14.5
2026-09-11 14:16:59 | INFO    | ######################################################################################
2026-09-11 14:16:59 | INFO    | [运行配置] 源端 Oracle  : 192.168.130.32:1521/xepdb1 (schema=DL_PFM)
2026-09-11 14:16:59 | INFO    | [运行配置] 目标 SQLServer: 127.0.0.1,1433/hospital_performance_dalian_derma (schema=dbo)
2026-09-11 14:16:59 | INFO    | [运行配置] ODBC 驱动    : ODBC Driver 17 for SQL Server
2026-09-11 14:16:59 | INFO    | [运行配置] 批尺寸       : 10000
2026-09-11 14:16:59 | INFO    | [运行配置] 幂等清空     : 启用
2026-09-11 14:16:59 | INFO    | [运行配置] 快速批量     : 启用
2026-09-11 14:16:59 | INFO    | [运行配置] 日志文件     : D:\工作\20251116_大连市皮肤病医院绩效\大连市皮肤病医院绩效测算SQL\python\sync_oracle_to_sqlserver.log
2026-09-11 14:16:59 | INFO    | [连接源端] Oracle 192.168.130.32:1521/xepdb1 (user=system, schema=DL_PFM)
2026-09-11 14:16:59 | INFO    | [连接源端] Oracle 连接成功
2026-09-11 14:16:59 | INFO    | [连接目标] SQL Server 127.0.0.1,1433/hospital_performance_dalian_derma (user=sa)
2026-09-11 14:17:00 | INFO    | [连接目标] SQL Server 连接成功 (CommandTimeout=0)
2026-09-11 14:17:00 | INFO    | --------------------------------------------------------------------------------------
2026-09-11 14:17:00 | INFO    | [契约校验] 核对目标表结构与列定义
2026-09-11 14:17:00 | INFO    |   [OK] PF临时医疗服务项目26A 列数=21 契约一致
2026-09-11 14:17:00 | INFO    | [契约校验] 全部通过
2026-09-11 14:17:00 | INFO    | [同步计划] 本次待同步 1 张表
2026-09-11 14:17:00 | INFO    |   1) PF临时医疗服务项目26A -> PF临时医疗服务项目26A
2026-09-11 14:17:00 | INFO    | --------------------------------------------------------------------------------------
2026-09-11 14:17:00 | INFO    | ======================================================================================
2026-09-11 14:17:00 | INFO    | [开始同步] PF临时医疗服务项目26A
2026-09-11 14:17:00 | INFO    |   源表   : DL_PFM.PF临时医疗服务项目26A
2026-09-11 14:17:00 | INFO    |   目标表 : dbo.PF临时医疗服务项目26A
2026-09-11 14:17:00 | INFO    |   列数   : 21 | 批尺寸: 10000 | fast_executemany: True
2026-09-11 14:17:00 | INFO    |   开始时间: 2026-09-11 14:17:00
2026-09-11 14:17:00 | INFO    |   [幂等清空] TRUNCATE TABLE 已完成
2026-09-11 14:17:10 | INFO    |   [进度] 已写入 200,000 行 | 耗时 10.8s | 18599 行/秒
2026-09-11 14:17:25 | INFO    |   [进度] 已写入 400,000 行 | 耗时 25.8s | 15481 行/秒
2026-09-11 14:17:42 | INFO    |   [进度] 已写入 600,000 行 | 耗时 42.5s | 14103 行/秒
2026-09-11 14:17:53 | INFO    |   [进度] 已写入 800,000 行 | 耗时 53.3s | 15008 行/秒
2026-09-11 14:18:04 | INFO    |   [进度] 已写入 1,000,000 行 | 耗时 64.0s | 15637 行/秒
2026-09-11 14:18:16 | INFO    |   [进度] 已写入 1,200,000 行 | 耗时 76.6s | 15662 行/秒
2026-09-11 14:18:33 | INFO    |   [进度] 已写入 1,400,000 行 | 耗时 93.0s | 15053 行/秒
2026-09-11 14:18:45 | INFO    |   [进度] 已写入 1,600,000 行 | 耗时 105.6s | 15155 行/秒
2026-09-11 14:18:56 | INFO    |   [进度] 已写入 1,800,000 行 | 耗时 116.1s | 15504 行/秒
2026-09-11 14:19:07 | INFO    |   [进度] 已写入 2,000,000 行 | 耗时 127.0s | 15743 行/秒
2026-09-11 14:19:22 | INFO    |   [进度] 已写入 2,200,000 行 | 耗时 142.5s | 15442 行/秒
2026-09-11 14:19:38 | INFO    |   [进度] 已写入 2,400,000 行 | 耗时 158.7s | 15122 行/秒
2026-09-11 14:19:53 | INFO    |   [进度] 已写入 2,600,000 行 | 耗时 173.4s | 14992 行/秒
2026-09-11 14:20:08 | INFO    |   [进度] 已写入 2,800,000 行 | 耗时 188.0s | 14891 行/秒
2026-09-11 14:20:25 | INFO    |   [进度] 已写入 3,000,000 行 | 耗时 205.0s | 14631 行/秒
2026-09-11 14:20:41 | INFO    |   [进度] 已写入 3,200,000 行 | 耗时 221.3s | 14463 行/秒
2026-09-11 14:20:57 | INFO    |   [进度] 已写入 3,400,000 行 | 耗时 237.7s | 14303 行/秒
2026-09-11 14:21:16 | INFO    |   [进度] 已写入 3,600,000 行 | 耗时 256.1s | 14057 行/秒
2026-09-11 14:21:32 | INFO    |   [进度] 已写入 3,800,000 行 | 耗时 272.7s | 13937 行/秒
2026-09-11 14:21:49 | INFO    |   [进度] 已写入 4,000,000 行 | 耗时 289.3s | 13825 行/秒
2026-09-11 14:22:06 | INFO    |   [进度] 已写入 4,200,000 行 | 耗时 306.1s | 13722 行/秒
2026-09-11 14:22:22 | INFO    |   [进度] 已写入 4,400,000 行 | 耗时 322.6s | 13640 行/秒
2026-09-11 14:22:34 | INFO    |   [进度] 已写入 4,600,000 行 | 耗时 334.0s | 13771 行/秒
2026-09-11 14:22:46 | INFO    |   [进度] 已写入 4,800,000 行 | 耗时 346.7s | 13843 行/秒
2026-09-11 14:23:03 | INFO    |   [进度] 已写入 5,000,000 行 | 耗时 363.8s | 13742 行/秒
2026-09-11 14:23:20 | INFO    |   [进度] 已写入 5,200,000 行 | 耗时 380.4s | 13670 行/秒
2026-09-11 14:23:33 | INFO    |   [进度] 已写入 5,400,000 行 | 耗时 393.8s | 13713 行/秒
2026-09-11 14:23:49 | INFO    |   [进度] 已写入 5,600,000 行 | 耗时 409.9s | 13663 行/秒
2026-09-11 14:24:06 | INFO    |   [进度] 已写入 5,800,000 行 | 耗时 426.6s | 13596 行/秒
2026-09-11 14:24:23 | INFO    |   [进度] 已写入 6,000,000 行 | 耗时 443.1s | 13542 行/秒
2026-09-11 14:24:39 | INFO    |   [进度] 已写入 6,200,000 行 | 耗时 459.7s | 13488 行/秒
2026-09-11 14:24:56 | INFO    |   [进度] 已写入 6,400,000 行 | 耗时 476.2s | 13439 行/秒
2026-09-11 14:25:13 | INFO    |   [进度] 已写入 6,600,000 行 | 耗时 493.3s | 13380 行/秒
2026-09-11 14:25:29 | INFO    |   [进度] 已写入 6,800,000 行 | 耗时 509.6s | 13343 行/秒
2026-09-11 14:25:46 | INFO    |   [进度] 已写入 7,000,000 行 | 耗时 526.0s | 13308 行/秒
2026-09-11 14:26:02 | INFO    |   [进度] 已写入 7,200,000 行 | 耗时 542.7s | 13267 行/秒
2026-09-11 14:26:15 | INFO    |   [进度] 已写入 7,400,000 行 | 耗时 555.1s | 13332 行/秒
2026-09-11 14:26:31 | INFO    |   [进度] 已写入 7,600,000 行 | 耗时 571.8s | 13291 行/秒
2026-09-11 14:26:48 | INFO    |   [进度] 已写入 7,800,000 行 | 耗时 588.8s | 13247 行/秒
2026-09-11 14:27:05 | INFO    |   [进度] 已写入 8,000,000 行 | 耗时 605.6s | 13211 行/秒
2026-09-11 14:27:21 | INFO    |   [进度] 已写入 8,200,000 行 | 耗时 621.8s | 13187 行/秒
2026-09-11 14:27:38 | INFO    |   [进度] 已写入 8,400,000 行 | 耗时 638.1s | 13164 行/秒
2026-09-11 14:27:53 | INFO    |   [进度] 已写入 8,600,000 行 | 耗时 653.5s | 13159 行/秒
2026-09-11 14:28:08 | INFO    |   [进度] 已写入 8,800,000 行 | 耗时 668.9s | 13157 行/秒
2026-09-11 14:28:24 | INFO    |   [进度] 已写入 9,000,000 行 | 耗时 684.0s | 13158 行/秒
2026-09-11 14:28:39 | INFO    |   [进度] 已写入 9,200,000 行 | 耗时 699.7s | 13148 行/秒
2026-09-11 14:28:55 | INFO    |   [进度] 已写入 9,400,000 行 | 耗时 715.3s | 13141 行/秒
2026-09-11 14:29:10 | INFO    |   [进度] 已写入 9,600,000 行 | 耗时 730.5s | 13142 行/秒
2026-09-11 14:29:26 | INFO    |   [进度] 已写入 9,800,000 行 | 耗时 746.6s | 13126 行/秒
2026-09-11 14:29:43 | INFO    |   [进度] 已写入 10,000,000 行 | 耗时 763.1s | 13105 行/秒
2026-09-11 14:29:59 | INFO    |   [进度] 已写入 10,200,000 行 | 耗时 779.7s | 13083 行/秒
2026-09-11 14:30:16 | INFO    |   [进度] 已写入 10,400,000 行 | 耗时 796.1s | 13064 行/秒
2026-09-11 14:30:32 | INFO    |   [进度] 已写入 10,600,000 行 | 耗时 812.6s | 13044 行/秒
2026-09-11 14:30:49 | INFO    |   [进度] 已写入 10,800,000 行 | 耗时 829.1s | 13027 行/秒
2026-09-11 14:31:05 | INFO    |   [进度] 已写入 11,000,000 行 | 耗时 845.6s | 13009 行/秒
2026-09-11 14:31:21 | INFO    |   [进度] 已写入 11,200,000 行 | 耗时 861.9s | 12995 行/秒
2026-09-11 14:31:37 | INFO    |   [进度] 已写入 11,400,000 行 | 耗时 877.6s | 12990 行/秒
2026-09-11 14:31:52 | INFO    |   [进度] 已写入 11,600,000 行 | 耗时 892.7s | 12995 行/秒
2026-09-11 14:32:07 | INFO    |   [进度] 已写入 11,800,000 行 | 耗时 907.9s | 12997 行/秒
2026-09-11 14:32:23 | INFO    |   [进度] 已写入 12,000,000 行 | 耗时 923.2s | 12998 行/秒
2026-09-11 14:32:39 | INFO    |   [进度] 已写入 12,200,000 行 | 耗时 939.1s | 12992 行/秒
2026-09-11 14:32:39 | INFO    |   [进度] 已写入 12,206,289 行 | 耗时 939.6s | 12991 行/秒
2026-09-11 14:32:39 | INFO    |   结束时间: 2026-09-11 14:32:39
2026-09-11 14:32:39 | INFO    |   [完成] PF临时医疗服务项目26A | 抽取 12,206,289 行 | 写入 12,206,289 行 | 耗时 939.6s | 12991 行/秒 | 清洗告警 0
2026-09-11 14:32:39 | INFO    | --------------------------------------------------------------------------------------
2026-09-11 14:32:39 | INFO    | [资源回收] 关闭数据库连接
2026-09-11 14:32:39 | INFO    | [资源回收] SQL Server 连接已关闭
2026-09-11 14:32:39 | INFO    | [资源回收] Oracle 连接已关闭
2026-09-11 14:32:39 | INFO    | ======================================================================================
2026-09-11 14:32:39 | INFO    | [同步汇总]
2026-09-11 14:32:39 | INFO    | 目标表                          状态                 抽取行数         写入行数      耗时(秒)      速率(行/秒)
2026-09-11 14:32:39 | INFO    | --------------------------------------------------------------------------------------
2026-09-11 14:32:39 | INFO    | PF临时医疗服务项目26A                SUCCESS      12,206,289   12,206,289      939.6        12991
2026-09-11 14:32:39 | INFO    | --------------------------------------------------------------------------------------
2026-09-11 14:32:39 | INFO    | 合计                           SUCCESS      12,206,289   12,206,289      939.6        12991
2026-09-11 14:32:39 | INFO    | ======================================================================================
2026-09-11 14:32:39 | INFO    | [同步汇总] 全部表同步成功
2026-09-11 14:32:39 | INFO    | [总耗时] 939.8 秒 (15.7 分钟)
2026-09-11 14:32:39 | INFO    | [完成时间] 2026-09-11 14:32:39
2026-09-11 18:55:56 | INFO    | 
2026-09-11 18:55:56 | INFO    | ######################################################################################
2026-09-11 18:55:56 | INFO    | # 大连市皮肤病医院绩效测算 - Oracle -> SQL Server 数据同步
2026-09-11 18:55:56 | INFO    | # 启动时间: 2026-09-11 18:55:56
2026-09-11 18:55:56 | INFO    | # Python  : 3.14.5
2026-09-11 18:55:56 | INFO    | ######################################################################################
2026-09-11 18:55:56 | INFO    | [运行配置] 源端 Oracle  : 192.168.130.32:1521/xepdb1 (schema=DL_PFM)
2026-09-11 18:55:56 | INFO    | [运行配置] 目标 SQLServer: 127.0.0.1,1433/hospital_performance_dalian_derma (schema=dbo)
2026-09-11 18:55:56 | INFO    | [运行配置] ODBC 驱动    : ODBC Driver 17 for SQL Server
2026-09-11 18:55:56 | INFO    | [运行配置] 批尺寸       : 10000
2026-09-11 18:55:56 | INFO    | [运行配置] 幂等清空     : 启用
2026-09-11 18:55:56 | INFO    | [运行配置] 快速批量     : 启用
2026-09-11 18:55:56 | INFO    | [运行配置] 日志文件     : D:\工作\20251116_大连市皮肤病医院绩效\大连市皮肤病医院绩效测算SQL\python\sync_oracle_to_sqlserver.log
2026-09-11 18:55:56 | INFO    | [连接源端] Oracle 192.168.130.32:1521/xepdb1 (user=system, schema=DL_PFM)
2026-09-11 18:55:56 | INFO    | [连接源端] Oracle 连接成功
2026-09-11 18:55:56 | INFO    | [连接目标] SQL Server 127.0.0.1,1433/hospital_performance_dalian_derma (user=sa)
2026-09-11 18:55:56 | INFO    | [连接目标] SQL Server 连接成功 (CommandTimeout=0)
2026-09-11 18:55:56 | INFO    | --------------------------------------------------------------------------------------
2026-09-11 18:55:56 | INFO    | [契约校验] 核对目标表结构与列定义
2026-09-11 18:55:56 | ERROR   | [致命异常] 同步流程中断: 目标表不存在: [dbo].[PF临时出院数据26A]。请先执行 sqlserver/ 目录下的建表脚本。
Traceback (most recent call last):
  File "D:\工作\20251116_大连市皮肤病医院绩效\大连市皮肤病医院绩效测算SQL\python\sync_oracle_to_sqlserver.py", line 1093, in run
    with OracleToSqlServerSyncer(cfg, logger) as active_syncer:
         ~~~~~~~~~~~~~~~~~~~~~~~^^^^^^^^^^^^^
  File "D:\工作\20251116_大连市皮肤病医院绩效\大连市皮肤病医院绩效测算SQL\python\sync_oracle_to_sqlserver.py", line 637, in __enter__
    self._validate_target_tables()
    ~~~~~~~~~~~~~~~~~~~~~~~~~~~~^^
  File "D:\工作\20251116_大连市皮肤病医院绩效\大连市皮肤病医院绩效测算SQL\python\sync_oracle_to_sqlserver.py", line 743, in _validate_target_tables
    raise RuntimeError(
    ...<2 lines>...
    )
RuntimeError: 目标表不存在: [dbo].[PF临时出院数据26A]。请先执行 sqlserver/ 目录下的建表脚本。
2026-09-11 18:56:06 | INFO    | 
2026-09-11 18:56:06 | INFO    | ######################################################################################
2026-09-11 18:56:06 | INFO    | # 大连市皮肤病医院绩效测算 - Oracle -> SQL Server 数据同步
2026-09-11 18:56:06 | INFO    | # 启动时间: 2026-09-11 18:56:06
2026-09-11 18:56:06 | INFO    | # Python  : 3.14.5
2026-09-11 18:56:06 | INFO    | ######################################################################################
2026-09-11 18:56:06 | INFO    | [运行配置] 源端 Oracle  : 192.168.130.32:1521/xepdb1 (schema=DL_PFM)
2026-09-11 18:56:06 | INFO    | [运行配置] 目标 SQLServer: 127.0.0.1,1433/hospital_performance_dalian_derma (schema=dbo)
2026-09-11 18:56:06 | INFO    | [运行配置] ODBC 驱动    : ODBC Driver 17 for SQL Server
2026-09-11 18:56:06 | INFO    | [运行配置] 批尺寸       : 10000
2026-09-11 18:56:06 | INFO    | [运行配置] 幂等清空     : 启用
2026-09-11 18:56:06 | INFO    | [运行配置] 快速批量     : 启用
2026-09-11 18:56:06 | INFO    | [运行配置] 日志文件     : D:\工作\20251116_大连市皮肤病医院绩效\大连市皮肤病医院绩效测算SQL\python\sync_oracle_to_sqlserver.log
2026-09-11 18:56:06 | INFO    | [连接源端] Oracle 192.168.130.32:1521/xepdb1 (user=system, schema=DL_PFM)
2026-09-11 18:56:06 | INFO    | [连接源端] Oracle 连接成功
2026-09-11 18:56:06 | INFO    | [连接目标] SQL Server 127.0.0.1,1433/hospital_performance_dalian_derma (user=sa)
2026-09-11 18:56:06 | INFO    | [连接目标] SQL Server 连接成功 (CommandTimeout=0)
2026-09-11 18:56:06 | INFO    | --------------------------------------------------------------------------------------
2026-09-11 18:56:06 | INFO    | [契约校验] 核对目标表结构与列定义
2026-09-11 18:56:06 | ERROR   | [致命异常] 同步流程中断: 目标表不存在: [dbo].[PF临时出院数据26A]。请先执行 sqlserver/ 目录下的建表脚本。
Traceback (most recent call last):
  File "D:\工作\20251116_大连市皮肤病医院绩效\大连市皮肤病医院绩效测算SQL\python\sync_oracle_to_sqlserver.py", line 1093, in run
    with OracleToSqlServerSyncer(cfg, logger) as active_syncer:
         ~~~~~~~~~~~~~~~~~~~~~~~^^^^^^^^^^^^^
  File "D:\工作\20251116_大连市皮肤病医院绩效\大连市皮肤病医院绩效测算SQL\python\sync_oracle_to_sqlserver.py", line 637, in __enter__
    self._validate_target_tables()
    ~~~~~~~~~~~~~~~~~~~~~~~~~~~~^^
  File "D:\工作\20251116_大连市皮肤病医院绩效\大连市皮肤病医院绩效测算SQL\python\sync_oracle_to_sqlserver.py", line 743, in _validate_target_tables
    raise RuntimeError(
    ...<2 lines>...
    )
RuntimeError: 目标表不存在: [dbo].[PF临时出院数据26A]。请先执行 sqlserver/ 目录下的建表脚本。
2026-09-11 18:57:31 | INFO    | 
2026-09-11 18:57:31 | INFO    | ######################################################################################
2026-09-11 18:57:31 | INFO    | # 大连市皮肤病医院绩效测算 - Oracle -> SQL Server 数据同步
2026-09-11 18:57:31 | INFO    | # 启动时间: 2026-09-11 18:57:31
2026-09-11 18:57:31 | INFO    | # Python  : 3.14.5
2026-09-11 18:57:31 | INFO    | ######################################################################################
2026-09-11 18:57:31 | INFO    | [运行配置] 源端 Oracle  : 192.168.130.32:1521/xepdb1 (schema=DL_PFM)
2026-09-11 18:57:31 | INFO    | [运行配置] 目标 SQLServer: 127.0.0.1,1433/hospital_performance_dalian_derma (schema=dbo)
2026-09-11 18:57:31 | INFO    | [运行配置] ODBC 驱动    : ODBC Driver 17 for SQL Server
2026-09-11 18:57:31 | INFO    | [运行配置] 批尺寸       : 10000
2026-09-11 18:57:31 | INFO    | [运行配置] 幂等清空     : 启用
2026-09-11 18:57:31 | INFO    | [运行配置] 快速批量     : 启用
2026-09-11 18:57:31 | INFO    | [运行配置] 日志文件     : D:\工作\20251116_大连市皮肤病医院绩效\大连市皮肤病医院绩效测算SQL\python\sync_oracle_to_sqlserver.log
2026-09-11 18:57:31 | INFO    | [连接源端] Oracle 192.168.130.32:1521/xepdb1 (user=system, schema=DL_PFM)
2026-09-11 18:57:31 | INFO    | [连接源端] Oracle 连接成功
2026-09-11 18:57:31 | INFO    | [连接目标] SQL Server 127.0.0.1,1433/hospital_performance_dalian_derma (user=sa)
2026-09-11 18:57:31 | INFO    | [连接目标] SQL Server 连接成功 (CommandTimeout=0)
2026-09-11 18:57:31 | INFO    | --------------------------------------------------------------------------------------
2026-09-11 18:57:31 | INFO    | [契约校验] 核对目标表结构与列定义
2026-09-11 18:57:31 | INFO    |   [OK] PF临时出院数据26A 列数=4 契约一致
2026-09-11 18:57:31 | INFO    |   [OK] PF临时收入院数据26A 列数=13 契约一致
2026-09-11 18:57:32 | INFO    |   [OK] PF临时医疗服务项目26A 列数=21 契约一致
2026-09-11 18:57:32 | INFO    |   [OK] PF临时转诊数据26A 列数=21 契约一致
2026-09-11 18:57:32 | INFO    | [契约校验] 全部通过
2026-09-11 18:57:32 | INFO    | [同步计划] 本次待同步 4 张表
2026-09-11 18:57:32 | INFO    |   1) PF临时出院数据26A -> PF临时出院数据26A
2026-09-11 18:57:32 | INFO    |   2) PF临时收入院数据26A -> PF临时收入院数据26A
2026-09-11 18:57:32 | INFO    |   3) PF临时医疗服务项目26A -> PF临时医疗服务项目26A
2026-09-11 18:57:32 | INFO    |   4) PF临时转诊数据26A -> PF临时转诊数据26A
2026-09-11 18:57:32 | INFO    | --------------------------------------------------------------------------------------
2026-09-11 18:57:32 | INFO    | ======================================================================================
2026-09-11 18:57:32 | INFO    | [开始同步] PF临时出院数据26A
2026-09-11 18:57:32 | INFO    |   源表   : DL_PFM.PF临时出院数据26A
2026-09-11 18:57:32 | INFO    |   目标表 : dbo.PF临时出院数据26A
2026-09-11 18:57:32 | INFO    |   列数   : 4 | 批尺寸: 10000 | fast_executemany: True
2026-09-11 18:57:32 | INFO    |   开始时间: 2026-09-11 18:57:32
2026-09-11 18:57:32 | INFO    |   [幂等清空] TRUNCATE TABLE 已完成
2026-09-11 18:57:32 | INFO    |   结束时间: 2026-09-11 18:57:32
2026-09-11 18:57:32 | INFO    |   [完成] PF临时出院数据26A | 抽取 19,213 行 | 写入 19,213 行 | 耗时 0.4s | 45040 行/秒 | 清洗告警 0
2026-09-11 18:57:32 | INFO    | ======================================================================================
2026-09-11 18:57:32 | INFO    | [开始同步] PF临时收入院数据26A
2026-09-11 18:57:32 | INFO    |   源表   : DL_PFM.PF临时收入院数据26A
2026-09-11 18:57:32 | INFO    |   目标表 : dbo.PF临时收入院数据26A
2026-09-11 18:57:32 | INFO    |   列数   : 13 | 批尺寸: 10000 | fast_executemany: True
2026-09-11 18:57:32 | INFO    |   开始时间: 2026-09-11 18:57:32
2026-09-11 18:57:32 | INFO    |   [幂等清空] TRUNCATE TABLE 已完成
2026-09-11 18:57:33 | INFO    |   结束时间: 2026-09-11 18:57:33
2026-09-11 18:57:33 | INFO    |   [完成] PF临时收入院数据26A | 抽取 20,012 行 | 写入 20,012 行 | 耗时 0.6s | 33659 行/秒 | 清洗告警 0
2026-09-11 18:57:33 | INFO    | ======================================================================================
2026-09-11 18:57:33 | INFO    | [开始同步] PF临时医疗服务项目26A
2026-09-11 18:57:33 | INFO    |   源表   : DL_PFM.PF临时医疗服务项目26A
2026-09-11 18:57:33 | INFO    |   目标表 : dbo.PF临时医疗服务项目26A
2026-09-11 18:57:33 | INFO    |   列数   : 21 | 批尺寸: 10000 | fast_executemany: True
2026-09-11 18:57:33 | INFO    |   开始时间: 2026-09-11 18:57:33
2026-09-11 18:57:33 | INFO    |   [幂等清空] TRUNCATE TABLE 已完成
2026-09-11 18:57:43 | INFO    |   [进度] 已写入 200,000 行 | 耗时 10.4s | 19180 行/秒
2026-09-11 18:57:52 | INFO    |   [进度] 已写入 400,000 行 | 耗时 19.2s | 20880 行/秒
2026-09-11 18:58:00 | INFO    |   [进度] 已写入 600,000 行 | 耗时 27.2s | 22069 行/秒
2026-09-11 18:58:08 | INFO    |   [进度] 已写入 800,000 行 | 耗时 35.2s | 22724 行/秒
2026-09-11 18:58:23 | INFO    |   [进度] 已写入 1,000,000 行 | 耗时 50.6s | 19769 行/秒
2026-09-11 18:58:36 | INFO    |   [进度] 已写入 1,200,000 行 | 耗时 63.4s | 18916 行/秒
2026-09-11 18:58:49 | INFO    |   [进度] 已写入 1,400,000 行 | 耗时 76.3s | 18359 行/秒
2026-09-11 18:59:02 | INFO    |   [进度] 已写入 1,600,000 行 | 耗时 89.4s | 17903 行/秒
2026-09-11 18:59:12 | INFO    |   [进度] 已写入 1,800,000 行 | 耗时 99.4s | 18108 行/秒
2026-09-11 18:59:23 | INFO    |   [进度] 已写入 2,000,000 行 | 耗时 110.4s | 18124 行/秒
2026-09-11 18:59:34 | INFO    |   [进度] 已写入 2,200,000 行 | 耗时 121.3s | 18135 行/秒
2026-09-11 18:59:44 | INFO    |   [进度] 已写入 2,400,000 行 | 耗时 131.4s | 18260 行/秒
2026-09-11 18:59:52 | INFO    |   [进度] 已写入 2,600,000 行 | 耗时 139.6s | 18623 行/秒
2026-09-11 19:00:00 | INFO    |   [进度] 已写入 2,800,000 行 | 耗时 147.9s | 18929 行/秒
2026-09-11 19:00:08 | INFO    |   [进度] 已写入 3,000,000 行 | 耗时 155.9s | 19247 行/秒
2026-09-11 19:00:17 | INFO    |   [进度] 已写入 3,200,000 行 | 耗时 164.7s | 19427 行/秒
2026-09-11 19:00:28 | INFO    |   [进度] 已写入 3,400,000 行 | 耗时 175.6s | 19360 行/秒
2026-09-11 19:00:40 | INFO    |   [进度] 已写入 3,600,000 行 | 耗时 187.5s | 19198 行/秒
2026-09-11 19:00:51 | INFO    |   [进度] 已写入 3,800,000 行 | 耗时 198.6s | 19132 行/秒
2026-09-11 19:00:59 | INFO    |   [进度] 已写入 4,000,000 行 | 耗时 206.8s | 19345 行/秒
2026-09-11 19:01:07 | INFO    |   [进度] 已写入 4,200,000 行 | 耗时 214.7s | 19566 行/秒
2026-09-11 19:01:15 | INFO    |   [进度] 已写入 4,400,000 行 | 耗时 222.8s | 19751 行/秒
2026-09-11 19:01:27 | INFO    |   [进度] 已写入 4,600,000 行 | 耗时 234.4s | 19622 行/秒
2026-09-11 19:01:39 | INFO    |   [进度] 已写入 4,800,000 行 | 耗时 246.2s | 19494 行/秒
2026-09-11 19:01:48 | INFO    |   [进度] 已写入 5,000,000 行 | 耗时 255.8s | 19549 行/秒
2026-09-11 19:01:57 | INFO    |   [进度] 已写入 5,200,000 行 | 耗时 264.3s | 19674 行/秒
2026-09-11 19:02:06 | INFO    |   [进度] 已写入 5,400,000 行 | 耗时 273.2s | 19768 行/秒
2026-09-11 19:02:14 | INFO    |   [进度] 已写入 5,600,000 行 | 耗时 281.3s | 19905 行/秒
2026-09-11 19:02:25 | INFO    |   [进度] 已写入 5,800,000 行 | 耗时 292.9s | 19801 行/秒
2026-09-11 19:02:37 | INFO    |   [进度] 已写入 6,000,000 行 | 耗时 304.2s | 19722 行/秒
2026-09-11 19:02:47 | INFO    |   [进度] 已写入 6,200,000 行 | 耗时 314.7s | 19700 行/秒
2026-09-11 19:02:55 | INFO    |   [进度] 已写入 6,400,000 行 | 耗时 322.8s | 19824 行/秒
2026-09-11 19:03:04 | INFO    |   [进度] 已写入 6,600,000 行 | 耗时 331.1s | 19936 行/秒
2026-09-11 19:03:12 | INFO    |   [进度] 已写入 6,800,000 行 | 耗时 339.5s | 20028 行/秒
2026-09-11 19:03:23 | INFO    |   [进度] 已写入 7,000,000 行 | 耗时 350.3s | 19985 行/秒
2026-09-11 19:03:35 | INFO    |   [进度] 已写入 7,200,000 行 | 耗时 362.1s | 19883 行/秒
2026-09-11 19:03:46 | INFO    |   [进度] 已写入 7,400,000 行 | 耗时 373.6s | 19806 行/秒
2026-09-11 19:03:54 | INFO    |   [进度] 已写入 7,600,000 行 | 耗时 381.9s | 19901 行/秒
2026-09-11 19:04:03 | INFO    |   [进度] 已写入 7,800,000 行 | 耗时 390.2s | 19990 行/秒
2026-09-11 19:04:11 | INFO    |   [进度] 已写入 8,000,000 行 | 耗时 398.5s | 20077 行/秒
2026-09-11 19:04:21 | INFO    |   [进度] 已写入 8,200,000 行 | 耗时 408.8s | 20058 行/秒
2026-09-11 19:04:33 | INFO    |   [进度] 已写入 8,400,000 行 | 耗时 421.0s | 19954 行/秒
2026-09-11 19:04:45 | INFO    |   [进度] 已写入 8,600,000 行 | 耗时 432.8s | 19872 行/秒
2026-09-11 19:04:53 | INFO    |   [进度] 已写入 8,800,000 行 | 耗时 440.8s | 19965 行/秒
2026-09-11 19:05:01 | INFO    |   [进度] 已写入 9,000,000 行 | 耗时 448.7s | 20056 行/秒
2026-09-11 19:05:09 | INFO    |   [进度] 已写入 9,200,000 行 | 耗时 456.7s | 20144 行/秒
2026-09-11 19:05:19 | INFO    |   [进度] 已写入 9,400,000 行 | 耗时 466.1s | 20169 行/秒
2026-09-11 19:05:31 | INFO    |   [进度] 已写入 9,600,000 行 | 耗时 478.1s | 20081 行/秒
2026-09-11 19:05:43 | INFO    |   [进度] 已写入 9,800,000 行 | 耗时 490.2s | 19992 行/秒
2026-09-11 19:05:52 | INFO    |   [进度] 已写入 10,000,000 行 | 耗时 499.1s | 20037 行/秒
2026-09-11 19:06:00 | INFO    |   [进度] 已写入 10,200,000 行 | 耗时 507.5s | 20097 行/秒
2026-09-11 19:06:08 | INFO    |   [进度] 已写入 10,400,000 行 | 耗时 515.8s | 20161 行/秒
2026-09-11 19:06:18 | INFO    |   [进度] 已写入 10,600,000 行 | 耗时 525.1s | 20188 行/秒
2026-09-11 19:06:30 | INFO    |   [进度] 已写入 10,800,000 行 | 耗时 537.2s | 20105 行/秒
2026-09-11 19:06:42 | INFO    |   [进度] 已写入 11,000,000 行 | 耗时 549.4s | 20022 行/秒
2026-09-11 19:06:51 | INFO    |   [进度] 已写入 11,200,000 行 | 耗时 558.5s | 20053 行/秒
2026-09-11 19:06:59 | INFO    |   [进度] 已写入 11,400,000 行 | 耗时 566.7s | 20115 行/秒
2026-09-11 19:07:07 | INFO    |   [进度] 已写入 11,600,000 行 | 耗时 574.9s | 20178 行/秒
2026-09-11 19:07:16 | INFO    |   [进度] 已写入 11,800,000 行 | 耗时 583.7s | 20217 行/秒
2026-09-11 19:07:28 | INFO    |   [进度] 已写入 12,000,000 行 | 耗时 595.6s | 20146 行/秒
2026-09-11 19:07:40 | INFO    |   [进度] 已写入 12,200,000 行 | 耗时 607.5s | 20083 行/秒
2026-09-11 19:07:40 | INFO    |   [进度] 已写入 12,206,289 行 | 耗时 607.9s | 20080 行/秒
2026-09-11 19:07:40 | INFO    |   结束时间: 2026-09-11 19:07:40
2026-09-11 19:07:40 | INFO    |   [完成] PF临时医疗服务项目26A | 抽取 12,206,289 行 | 写入 12,206,289 行 | 耗时 607.9s | 20080 行/秒 | 清洗告警 0
2026-09-11 19:07:40 | INFO    | ======================================================================================
2026-09-11 19:07:40 | INFO    | [开始同步] PF临时转诊数据26A
2026-09-11 19:07:40 | INFO    |   源表   : DL_PFM.PF临时转诊数据26A
2026-09-11 19:07:40 | INFO    |   目标表 : dbo.PF临时转诊数据26A
2026-09-11 19:07:40 | INFO    |   列数   : 21 | 批尺寸: 10000 | fast_executemany: True
2026-09-11 19:07:40 | INFO    |   开始时间: 2026-09-11 19:07:40
2026-09-11 19:07:40 | INFO    |   [幂等清空] TRUNCATE TABLE 已完成
2026-09-11 19:07:50 | INFO    |   [进度] 已写入 200,000 行 | 耗时 9.7s | 20706 行/秒
2026-09-11 19:07:53 | INFO    |   结束时间: 2026-09-11 19:07:53
2026-09-11 19:07:53 | INFO    |   [完成] PF临时转诊数据26A | 抽取 263,292 行 | 写入 263,292 行 | 耗时 12.6s | 20892 行/秒 | 清洗告警 0
2026-09-11 19:07:53 | INFO    | --------------------------------------------------------------------------------------
2026-09-11 19:07:53 | INFO    | [资源回收] 关闭数据库连接
2026-09-11 19:07:53 | INFO    | [资源回收] SQL Server 连接已关闭
2026-09-11 19:07:53 | INFO    | [资源回收] Oracle 连接已关闭
2026-09-11 19:07:53 | INFO    | ======================================================================================
2026-09-11 19:07:53 | INFO    | [同步汇总]
2026-09-11 19:07:53 | INFO    | 目标表                          状态                 抽取行数         写入行数      耗时(秒)      速率(行/秒)
2026-09-11 19:07:53 | INFO    | --------------------------------------------------------------------------------------
2026-09-11 19:07:53 | INFO    | PF临时出院数据26A                  SUCCESS          19,213       19,213        0.4        45040
2026-09-11 19:07:53 | INFO    | PF临时收入院数据26A                 SUCCESS          20,012       20,012        0.6        33659
2026-09-11 19:07:53 | INFO    | PF临时医疗服务项目26A                SUCCESS      12,206,289   12,206,289      607.9        20080
2026-09-11 19:07:53 | INFO    | PF临时转诊数据26A                  SUCCESS         263,292      263,292       12.6        20892
2026-09-11 19:07:53 | INFO    | --------------------------------------------------------------------------------------
2026-09-11 19:07:53 | INFO    | 合计                           SUCCESS      12,508,806   12,508,806      621.5        20126
2026-09-11 19:07:53 | INFO    | ======================================================================================
2026-09-11 19:07:53 | INFO    | [同步汇总] 全部表同步成功
2026-09-11 19:07:53 | INFO    | [总耗时] 621.8 秒 (10.4 分钟)
2026-09-11 19:07:53 | INFO    | [完成时间] 2026-09-11 19:07:53
